Microchip MPLAB XC8 Compiler V2.41

Linker command line:

-W-3 \
  --edf=C:\Program Files\Microchip\xc8\v2.41\pic\dat\20230208172133_en.msgs \
  -cn -h+dist/default/production\delete.production.sym \
  --cmf=dist/default/production\delete.production.cmf -z -Q18F4620 \
  -oC:\Users\sameh\AppData\Local\Temp\xcAsack.\driver_tmp_3.o \
  --defsym=__MPLAB_BUILD=1 --fixupoverflow=error \
  -Mdist/default/production/delete.production.map \
  --md=C:\Users\sameh\AppData\Local\Temp\xcAsack.\driver_tmp_0.dat -E1 \
  -ver=XC8 Compiler --acfsm=1493 -ACODE=00h-0FFFFh -ACONST=00h-0FFFFh \
  -ASMALLCONST=01000h-010FFhx240 -AMEDIUMCONST=01000h-0FFFFh \
  -ACOMRAM=01h-07Fh -AABS1=00h-0F7Fh -ABIGRAM=01h-0F7Fh \
  -ARAM=080h-0FFh,0100h-01FFhx14,0F00h-0F7Fh -ABANK0=080h-0FFh \
  -ABANK1=0100h-01FFh -ABANK2=0200h-02FFh -ABANK3=0300h-03FFh \
  -ABANK4=0400h-04FFh -ABANK5=0500h-05FFh -ABANK6=0600h-06FFh \
  -ABANK7=0700h-07FFh -ABANK8=0800h-08FFh -ABANK9=0900h-09FFh \
  -ABANK10=0A00h-0AFFh -ABANK11=0B00h-0BFFh -ABANK12=0C00h-0CFFh \
  -ABANK13=0D00h-0DFFh -ABANK14=0E00h-0EFFh -ABANK15=0F00h-0F7Fh \
  -ASFR=0F80h-0FFFh -ABIGSFR=0F80h-0FFFh -ACONFIG=0300000h-030000Dh \
  -AIDLOC=0200000h-0200007h -AEEDATA=0F00000h-0F003FFh -peeprom_data=EEDATA \
  -preset_vec=00h,intcode=08h,intcodelo,powerup,init -pramtop=01000h \
  -psmallconst=SMALLCONST -pmediumconst=MEDIUMCONST -pconst=CONST \
  -AFARRAM=00h-00h \
  -prdata=COMRAM,nvrram=COMRAM,nvbit=COMRAM,rbss=COMRAM,rbit=COMRAM \
  -pfarbss=FARRAM,fardata=FARRAM,nvFARRAM=FARRAM \
  -pintsave_regs=BIGRAM,bigbss=BIGRAM,bigdata=BIGRAM -pbss=RAM \
  -pidata=CODE,irdata=CODE,ibigdata=CODE,ifardata=CODE -prparam=COMRAM \
  C:\Users\sameh\AppData\Local\Temp\xcAsack.\driver_tmp_9.o \
  dist/default/production\delete.production.o 

Object code version is 3.11

Machine type is 18F4620



                Name                               Link     Load   Length Selector   Space Scale
C:\Users\sameh\AppData\Local\Temp\xcAsack.\driver_tmp_9.o
                idloc                            200000   200000        8        0       5
                config                           300000   300000        E        0       4
                init                                  E        E        4        4       0
                reset_vec                             0        0        4        0       0
dist/default/production\delete.production.o
                intcode                               8        8        6        4       0
                idloc                            200000   200000        8        0       5
                config                           300000   300000        E        0       4
                temp                                 7C       7C        1        1       1
                smallconst                         1000     1000       18      800       0
                text29                             233E     233E        4     1186       0
                text28                             233A     233A        4     1186       0
                text27                             2336     2336        4     1186       0
                text26                             2342     2342        2     1186       0
                text25                             2332     2332        4     1186       0
                text24                             232E     232E        4     1186       0
                text23                             232A     232A        4     1186       0
                text22                             2248     2248       2E      80C       0
                text21                             2326     2326        4     1186       0
                text20                             2322     2322        4     1186       0
                text19                             231E     231E        4     1186       0
                text18                             22C4     22C4       1A      80C       0
                text17                             22AA     22AA       1A      80C       0
                text16                             2290     2290       1A      80C       0
                text15                             2276     2276       1A      80C       0
                text14                             231A     231A        4     1186       0
                text13                             22F6     22F6        C      80C       0
                text12                             22EA     22EA        C      80C       0
                text11                             230C     230C        8     1186       0
                text10                             22DE     22DE        C      80C       0
                intcode_body                       14D8     14D8      416      80C       0
                text8                              218A     218A       4A      80C       0
                text7                              1018     1018      4C0      80C       0
                text6                              18EE     18EE      39A      80C       0
                text5                              1F88     1F88      106      80C       0
                text4                              1C88     1C88      1B4      80C       0
                text3                              208E     208E       9A      80C       0
                text2                              2314     2314        6     1186       0
                text1                              1E3C     1E3C      14C      80C       0
                text0                              21D4     21D4       3E      80C       0
                cstackCOMRAM                          1        1       48        1       1
                cstackBANK0                          E7       E7        2       80       1
                dataBANK0                            80       80       36       80       1
                bssBANK0                             B6       B6       31       80       1
                dataCOMRAM                           73       73        9        1       1
                bssCOMRAM                            49       49       2A        1       1
                cinit                              2128     2128       62      80C       0
                idataBANK0                         2212     2212       36      80C       0
                idataCOMRAM                        2302     2302        9      80C       0

TOTAL           Name                               Link     Load   Length     Space
        CLASS   CODE           
                intcode                               8        8        6         0
                init                                  E        E        4         0
                reset_vec                             0        0        4         0
                text29                             233E     233E        4         0
                text28                             233A     233A        4         0
                text27                             2336     2336        4         0
                text26                             2342     2342        2         0
                text25                             2332     2332        4         0
                text24                             232E     232E        4         0
                text23                             232A     232A        4         0
                text22                             2248     2248       2E         0
                text21                             2326     2326        4         0
                text20                             2322     2322        4         0
                text19                             231E     231E        4         0
                text18                             22C4     22C4       1A         0
                text17                             22AA     22AA       1A         0
                text16                             2290     2290       1A         0
                text15                             2276     2276       1A         0
                text14                             231A     231A        4         0
                text13                             22F6     22F6        C         0
                text12                             22EA     22EA        C         0
                text11                             230C     230C        8         0
                text10                             22DE     22DE        C         0
                intcode_body                       14D8     14D8      416         0
                text8                              218A     218A       4A         0
                text7                              1018     1018      4C0         0
                text6                              18EE     18EE      39A         0
                text5                              1F88     1F88      106         0
                text4                              1C88     1C88      1B4         0
                text3                              208E     208E       9A         0
                text2                              2314     2314        6         0
                text1                              1E3C     1E3C      14C         0
                text0                              21D4     21D4       3E         0
                cinit                              2128     2128       62         0
                idataBANK0                         2212     2212       36         0
                idataCOMRAM                        2302     2302        9         0

        CLASS   CONST          

        CLASS   SMALLCONST     
                smallconst                         1000     1000       18         0

        CLASS   MEDIUMCONST    

        CLASS   COMRAM         
                temp                                 7C       7C        1         1
                cstackCOMRAM                          1        1       48         1
                dataCOMRAM                           73       73        9         1
                bssCOMRAM                            49       49       2A         1

        CLASS   ABS1           

        CLASS   BIGRAM         

        CLASS   RAM            

        CLASS   BANK0          
                cstackBANK0                          E7       E7        2         1
                dataBANK0                            80       80       36         1
                bssBANK0                             B6       B6       31         1

        CLASS   BANK1          

        CLASS   BANK2          

        CLASS   BANK3          

        CLASS   BANK4          

        CLASS   BANK5          

        CLASS   BANK6          

        CLASS   BANK7          

        CLASS   BANK8          

        CLASS   BANK9          

        CLASS   BANK10         

        CLASS   BANK11         

        CLASS   BANK12         

        CLASS   BANK13         

        CLASS   BANK14         

        CLASS   BANK15         

        CLASS   SFR            

        CLASS   BIGSFR         

        CLASS   CONFIG         
                config                           300000   300000        E         4

        CLASS   IDLOC          
                idloc                            200000   200000        8         5

        CLASS   EEDATA         

        CLASS   FARRAM         

        CLASS   HEAP           

        CLASS   STACK          



SEGMENTS        Name                           Load    Length   Top    Selector   Space  Class

                reset_vec                      000000  000004  000004         0       0  CODE    
                cstackCOMRAM                   000001  00007C  00007D         1       1  COMRAM  
                intcode                        000008  00000A  000012         4       0  CODE    
                dataBANK0                      000080  000069  0000E9        80       1  BANK0   
                smallconst                     001000  000018  001018       800       0  SMALLCON
                text7                          001018  0012F3  00230B       80C       0  CODE    
                text11                         00230C  000038  002344      1186       0  CODE    


UNUSED ADDRESS RANGES

        Name                Unused          Largest block    Delta
        BANK0            0000E9-0000FF               17
        BANK1            000100-0001FF              100
        BANK10           000A00-000AFF              100
        BANK11           000B00-000BFF              100
        BANK12           000C00-000CFF              100
        BANK13           000D00-000DFF              100
        BANK14           000E00-000EFF              100
        BANK15           000F00-000F7F               80
        BANK2            000200-0002FF              100
        BANK3            000300-0003FF              100
        BANK4            000400-0004FF              100
        BANK5            000500-0005FF              100
        BANK6            000600-0006FF              100
        BANK7            000700-0007FF              100
        BANK8            000800-0008FF              100
        BANK9            000900-0009FF              100
        BIGRAM           00007D-00007F                3
                         0000E9-000F7F              E97
        BIGSFR           000F80-000FFF               80
        CODE             000004-000007                4
                         000012-000FFF              FEE
                         00230B-00230B                1
                         002344-00FFFF             DCBC
        COMRAM           00007D-00007F                3
        CONST            000004-000007                4
                         000012-000FFF              FEE
                         00230B-00230B                1
                         002344-00FFFF             DCBC
        EEDATA           F00000-F003FF              400
        MEDIUMCONST      00230B-00230B                1
                         002344-00FFFF             DCBC
        RAM              0000E9-000F7F              100
        SFR              000F80-000FFF               80
        SMALLCONST       00230B-00230B                1
                         002344-00FFFF              100

                                  Symbol Table

?___fladd                                     cstackCOMRAM 00002B
?___fldiv                                     cstackCOMRAM 000012
?___fltol                                     cstackCOMRAM 00003B
?___xxtofl                                    cstackCOMRAM 000004
CCP_Compare_Mode_Set_Value@F3108              bssCOMRAM    000063
I2C_Init@i2c_obj                              cstackBANK0  0000E7
I2C_Init@ret                                  cstackCOMRAM 000048
I2C_Interrupt_Configurations@i2c_obj          cstackCOMRAM 000004
I2C_Master_Mode_Clock_Configurations@i2c_obj  cstackCOMRAM 000045
Master_Pins@F3082                             dataCOMRAM   000077
Master_Pins@F3084                             dataCOMRAM   000076
RB4_ISR@RB4_source                            cstackCOMRAM 000001
RB5_ISR@RB5_source                            cstackCOMRAM 000001
RB6_ISR@RB6_source                            cstackCOMRAM 000001
RB7_ISR@RB7_source                            cstackCOMRAM 000001
Slave_Pins@F3088                              dataCOMRAM   000075
Slave_Pins@F3090                              dataCOMRAM   000074
Slave_Pins@F3092                              dataCOMRAM   000073
_ADCON0bits                                   (abs)        000FC2
_ADCON1bits                                   (abs)        000FC1
_ADCON2bits                                   (abs)        000FC0
_ADC_ISR                                      text29       00233E
_ADC_InterruptHandler                         bssCOMRAM    000069
_ADRESH                                       (abs)        000FC4
_ADRESL                                       (abs)        000FC3
_BAUDCONbits                                  (abs)        000FB8
_CCP1CONbits                                  (abs)        000FBD
_CCP1_ISR                                     text28       00233A
_CCP1_InterruptHandler                        bssCOMRAM    000067
_CCP2CONbits                                  (abs)        000FBA
_CCP2_ISR                                     text27       002336
_CCP2_InterruptHandler                        bssCOMRAM    000065
_CCPR1H                                       (abs)        000FBF
_CCPR1L                                       (abs)        000FBE
_CCPR2H                                       (abs)        000FBC
_CCPR2L                                       (abs)        000FBB
_EEADR                                        (abs)        000FA9
_EEADRH                                       (abs)        000FAA
_EECON1bits                                   (abs)        000FA6
_EECON2                                       (abs)        000FA7
_EEDATA                                       (abs)        000FA8
_ESUART_FramingErrorInterruptHandler          bssBANK0     0000BE
_ESUART_OverrunErrorInterruptHandler          bssBANK0     0000BC
_ESUART_RX_ISR                                text26       002342
_ESUART_RX_InterruptHandler                   bssBANK0     0000C0
_ESUART_TX_ISR                                text25       002332
_ESUART_TX_InterruptHandler                   bssBANK0     0000C2
_I2C_BC_ISR                                   text24       00232E
_I2C_DefaultInterruptHandler                  text23       00232A
_I2C_DefaultInterruptHandler@hal_i2c$F2134    bssCOMRAM    00005F
_I2C_ISR                                      text22       002248
_I2C_Init                                     text1        001E3C
_I2C_Interrupt_Configurations                 text8        00218A
_I2C_Master_Mode_Clock_Configurations         text3        00208E
_I2C_Report_Receive_Overflow_InterruptHandler bssBANK0     0000D6
_I2C_Report_Write_Collision_InterruptHandler  bssCOMRAM    000061
_INT0_ISR                                     text21       002326
_INT0_InterruptHandler                        bssCOMRAM    00005D
_INT1_ISR                                     text20       002322
_INT1_InterruptHandler                        bssCOMRAM    00005B
_INT2_ISR                                     text19       00231E
_INT2_InterruptHandler                        bssCOMRAM    000059
_INTCON2bits                                  (abs)        000FF1
_INTCON3bits                                  (abs)        000FF0
_INTCONbits                                   (abs)        000FF2
_InterruptManager                             intcode      000008
_LATA                                         (abs)        000F89
_LATB                                         (abs)        000F8A
_LATC                                         (abs)        000F8B
_LATD                                         (abs)        000F8C
_LATE                                         (abs)        000F8D
_MSSP_I2C_MODE_GPIO_CFG                       text2        002314
_PIE1bits                                     (abs)        000F9D
_PIE2bits                                     (abs)        000FA0
_PIR1bits                                     (abs)        000F9E
_PIR2bits                                     (abs)        000FA1
_PORTA                                        (abs)        000F80
_PORTB                                        (abs)        000F81
_PORTBbits                                    (abs)        000F81
_PORTC                                        (abs)        000F82
_PORTD                                        (abs)        000F83
_PORTE                                        (abs)        000F84
_RB4_Flag                                     dataCOMRAM   00007B
_RB4_ISR                                      text18       0022C4
_RB4_InterruptHandler_HIGH                    bssCOMRAM    000057
_RB4_InterruptHandler_LOW                     bssCOMRAM    000055
_RB5_Flag                                     dataCOMRAM   00007A
_RB5_ISR                                      text17       0022AA
_RB5_InterruptHandler_HIGH                    bssCOMRAM    000053
_RB5_InterruptHandler_LOW                     bssCOMRAM    000051
_RB6_Flag                                     dataCOMRAM   000079
_RB6_ISR                                      text16       002290
_RB6_InterruptHandler_HIGH                    bssBANK0     0000D4
_RB6_InterruptHandler_LOW                     bssBANK0     0000D2
_RB7_Flag                                     dataCOMRAM   000078
_RB7_ISR                                      text15       002276
_RB7_InterruptHandler_HIGH                    bssBANK0     0000D0
_RB7_InterruptHandler_LOW                     bssBANK0     0000CE
_RCREG                                        (abs)        000FAE
_RCSTAbits                                    (abs)        000FAB
_SPBRG                                        (abs)        000FAF
_SPBRGH                                       (abs)        000FB0
_SPI_ISR                                      text14       00231A
_SPI_InterruptHandler                         bssBANK0     0000CC
_SSPADD                                       (abs)        000FC8
_SSPBUF                                       (abs)        000FC9
_SSPCON1bits                                  (abs)        000FC6
_SSPCON2bits                                  (abs)        000FC5
_SSPSTATbits                                  (abs)        000FC7
_T0CONbits                                    (abs)        000FD5
_T1CONbits                                    (abs)        000FCD
_T2CONbits                                    (abs)        000FCA
_T3CONbits                                    (abs)        000FB1
_TMR0H                                        (abs)        000FD7
_TMR0L                                        (abs)        000FD6
_TMR0_ISR                                     text13       0022F6
_TMR0_InterruptHandler                        bssBANK0     0000CA
_TMR1H                                        (abs)        000FCF
_TMR1L                                        (abs)        000FCE
_TMR1_ISR                                     text12       0022EA
_TMR1_InterruptHandler                        bssBANK0     0000C8
_TMR2                                         (abs)        000FCC
_TMR2_ISR                                     text11       00230C
_TMR2_InterruptHandler                        bssBANK0     0000C6
_TMR3H                                        (abs)        000FB3
_TMR3L                                        (abs)        000FB2
_TMR3_ISR                                     text10       0022DE
_TMR3_InterruptHandler                        bssBANK0     0000C4
_TRISA                                        (abs)        000F92
_TRISB                                        (abs)        000F93
_TRISC                                        (abs)        000F94
_TRISCbits                                    (abs)        000F94
_TRISD                                        (abs)        000F95
_TRISE                                        (abs)        000F96
_TXREG                                        (abs)        000FAD
_TXSTAbits                                    (abs)        000FAC
__HRAM                                        (abs)        000000
__H__absolute__                               __absolute__ 000000
__Habs1                                       abs1         000000
__Hbank0                                      bank0        000000
__Hbank1                                      bank1        000000
__Hbank10                                     bank10       000000
__Hbank11                                     bank11       000000
__Hbank12                                     bank12       000000
__Hbank13                                     bank13       000000
__Hbank14                                     bank14       000000
__Hbank15                                     bank15       000000
__Hbank2                                      bank2        000000
__Hbank3                                      bank3        000000
__Hbank4                                      bank4        000000
__Hbank5                                      bank5        000000
__Hbank6                                      bank6        000000
__Hbank7                                      bank7        000000
__Hbank8                                      bank8        000000
__Hbank9                                      bank9        000000
__Hbigbss                                     bigbss       000000
__Hbigdata                                    bigdata      000000
__Hbigram                                     bigram       000000
__Hbigsfr                                     bigsfr       000000
__Hbss                                        bss          000000
__HbssBANK0                                   bssBANK0     000000
__HbssCOMRAM                                  bssCOMRAM    000000
__Hcinit                                      cinit        000000
__Hclrtext                                    clrtext      000000
__Hcomram                                     comram       000000
__Hconfig                                     config       30000E
__Hconst                                      const        000000
__HcstackBANK0                                cstackBANK0  000000
__HcstackCOMRAM                               cstackCOMRAM 000000
__Hdata                                       data         000000
__HdataBANK0                                  dataBANK0    000000
__HdataCOMRAM                                 dataCOMRAM   000000
__Heeprom_data                                eeprom_data  000000
__Hfarbss                                     farbss       000000
__Hfardata                                    fardata      000000
__Hheap                                       heap         000000
__Hibigdata                                   ibigdata     000000
__Hidata                                      idata        000000
__HidataBANK0                                 idataBANK0   000000
__HidataCOMRAM                                idataCOMRAM  000000
__Hidloc                                      idloc        200008
__Hifardata                                   ifardata     000000
__Hinit                                       init         000012
__Hintcode                                    intcode      00000E
__Hintcode_body                               intcode_body 000000
__Hintcodelo                                  intcodelo    00000E
__Hintentry                                   intentry     000000
__Hintret                                     intret       000000
__Hintsave_regs                               intsave_regs 000000
__Hirdata                                     irdata       000000
__Hmediumconst                                mediumconst  000000
__HnvFARRAM                                   nvFARRAM     000000
__Hnvbit                                      nvbit        000000
__Hnvrram                                     nvrram       000000
__Hparam                                      rparam       000000
__Hpowerup                                    powerup      00000E
__Hram                                        ram          000000
__Hramtop                                     ramtop       001000
__Hrbit                                       rbit         000000
__Hrbss                                       rbss         000000
__Hrdata                                      rdata        000000
__Hreset_vec                                  reset_vec    000004
__Hrparam                                     rparam       000000
__Hsfr                                        sfr          000000
__Hsmallconst                                 smallconst   001018
__Hspace_0                                    (abs)        002344
__Hspace_1                                    (abs)        0000E9
__Hspace_2                                    (abs)        000000
__Hspace_4                                    (abs)        60000E
__Hstack                                      stack        000000
__Hstruct                                     struct       000000
__Htemp                                       temp         00007D
__Htext                                       text         000000
__Htext0                                      text0        000000
__Htext1                                      text1        000000
__Htext10                                     text10       000000
__Htext11                                     text11       000000
__Htext12                                     text12       000000
__Htext13                                     text13       000000
__Htext14                                     text14       000000
__Htext15                                     text15       000000
__Htext16                                     text16       000000
__Htext17                                     text17       000000
__Htext18                                     text18       000000
__Htext19                                     text19       000000
__Htext2                                      text2        000000
__Htext20                                     text20       000000
__Htext21                                     text21       000000
__Htext22                                     text22       000000
__Htext23                                     text23       000000
__Htext24                                     text24       000000
__Htext25                                     text25       000000
__Htext26                                     text26       000000
__Htext27                                     text27       000000
__Htext28                                     text28       000000
__Htext29                                     text29       000000
__Htext3                                      text3        000000
__Htext30                                     text30       000000
__Htext4                                      text4        000000
__Htext5                                      text5        000000
__Htext6                                      text6        000000
__Htext7                                      text7        000000
__Htext8                                      text8        000000
__LRAM                                        (abs)        000001
__L__absolute__                               __absolute__ 000000
__Labs1                                       abs1         000000
__Lbank0                                      bank0        000000
__Lbank1                                      bank1        000000
__Lbank10                                     bank10       000000
__Lbank11                                     bank11       000000
__Lbank12                                     bank12       000000
__Lbank13                                     bank13       000000
__Lbank14                                     bank14       000000
__Lbank15                                     bank15       000000
__Lbank2                                      bank2        000000
__Lbank3                                      bank3        000000
__Lbank4                                      bank4        000000
__Lbank5                                      bank5        000000
__Lbank6                                      bank6        000000
__Lbank7                                      bank7        000000
__Lbank8                                      bank8        000000
__Lbank9                                      bank9        000000
__Lbigbss                                     bigbss       000000
__Lbigdata                                    bigdata      000000
__Lbigram                                     bigram       000000
__Lbigsfr                                     bigsfr       000000
__Lbss                                        bss          000000
__LbssBANK0                                   bssBANK0     000000
__LbssCOMRAM                                  bssCOMRAM    000000
__Lcinit                                      cinit        000000
__Lclrtext                                    clrtext      000000
__Lcomram                                     comram       000000
__Lconfig                                     config       000000
__Lconst                                      const        000000
__LcstackBANK0                                cstackBANK0  000000
__LcstackCOMRAM                               cstackCOMRAM 000000
__Ldata                                       data         000000
__LdataBANK0                                  dataBANK0    000000
__LdataCOMRAM                                 dataCOMRAM   000000
__Leeprom_data                                eeprom_data  000000
__Lfarbss                                     farbss       000000
__Lfardata                                    fardata      000000
__Lheap                                       heap         000000
__Libigdata                                   ibigdata     000000
__Lidata                                      idata        000000
__LidataBANK0                                 idataBANK0   000000
__LidataCOMRAM                                idataCOMRAM  000000
__Lidloc                                      idloc        000000
__Lifardata                                   ifardata     000000
__Linit                                       init         00000E
__Lintcode                                    intcode      000008
__Lintcode_body                               intcode_body 000000
__Lintcodelo                                  intcodelo    00000E
__Lintentry                                   intentry     000000
__Lintret                                     intret       000000
__Lintsave_regs                               intsave_regs 000000
__Lirdata                                     irdata       000000
__Lmediumconst                                mediumconst  000000
__LnvFARRAM                                   nvFARRAM     000000
__Lnvbit                                      nvbit        000000
__Lnvrram                                     nvrram       000000
__Lparam                                      rparam       000000
__Lpowerup                                    powerup      00000E
__Lram                                        ram          000000
__Lramtop                                     ramtop       001000
__Lrbit                                       rbit         000000
__Lrbss                                       rbss         000000
__Lrdata                                      rdata        000000
__Lreset_vec                                  reset_vec    000000
__Lrparam                                     rparam       000000
__Lsfr                                        sfr          000000
__Lsmallconst                                 smallconst   001000
__Lspace_0                                    (abs)        000000
__Lspace_1                                    (abs)        000000
__Lspace_2                                    (abs)        000000
__Lspace_4                                    (abs)        000000
__Lstack                                      stack        000000
__Lstruct                                     struct       000000
__Ltemp                                       temp         00007C
__Ltext                                       text         000000
__Ltext0                                      text0        000000
__Ltext1                                      text1        000000
__Ltext10                                     text10       000000
__Ltext11                                     text11       000000
__Ltext12                                     text12       000000
__Ltext13                                     text13       000000
__Ltext14                                     text14       000000
__Ltext15                                     text15       000000
__Ltext16                                     text16       000000
__Ltext17                                     text17       000000
__Ltext18                                     text18       000000
__Ltext19                                     text19       000000
__Ltext2                                      text2        000000
__Ltext20                                     text20       000000
__Ltext21                                     text21       000000
__Ltext22                                     text22       000000
__Ltext23                                     text23       000000
__Ltext24                                     text24       000000
__Ltext25                                     text25       000000
__Ltext26                                     text26       000000
__Ltext27                                     text27       000000
__Ltext28                                     text28       000000
__Ltext29                                     text29       000000
__Ltext3                                      text3        000000
__Ltext30                                     text30       000000
__Ltext4                                      text4        000000
__Ltext5                                      text5        000000
__Ltext6                                      text6        000000
__Ltext7                                      text7        000000
__Ltext8                                      text8        000000
__S0                                          (abs)        002344
__S1                                          (abs)        0000E9
__S4                                          (abs)        000000
__S5                                          (abs)        000000
___fladd                                      text7        001018
___fladd@a                                    cstackCOMRAM 00002F
___fladd@aexp                                 cstackCOMRAM 000038
___fladd@b                                    cstackCOMRAM 00002B
___fladd@bexp                                 cstackCOMRAM 000039
___fladd@grs                                  cstackCOMRAM 00003A
___fladd@signs                                cstackCOMRAM 000037
___fldiv                                      text6        0018EE
___fldiv@a                                    cstackCOMRAM 000016
___fldiv@aexp                                 cstackCOMRAM 00002A
___fldiv@b                                    cstackCOMRAM 000012
___fldiv@bexp                                 cstackCOMRAM 000029
___fldiv@grs                                  cstackCOMRAM 000025
___fldiv@new_exp                              cstackCOMRAM 000023
___fldiv@rem                                  cstackCOMRAM 00001E
___fldiv@sign                                 cstackCOMRAM 000022
___fltol                                      text5        001F88
___fltol@exp1                                 cstackCOMRAM 000044
___fltol@f1                                   cstackCOMRAM 00003B
___fltol@sign1                                cstackCOMRAM 000043
___heap_hi                                    (abs)        000000
___heap_lo                                    (abs)        000000
___inthi_sp                                   stack        000000
___intlo_sp                                   stack        000000
___param_bank                                 (abs)        000000
___rparam_used                                (abs)        000001
___sp                                         stack        000000
___xxtofl                                     text4        001C88
___xxtofl@arg                                 cstackCOMRAM 00000E
___xxtofl@exp                                 cstackCOMRAM 00000D
___xxtofl@sign                                cstackCOMRAM 00000C
___xxtofl@val                                 cstackCOMRAM 000004
__accesstop                                   (abs)        000080
__activetblptr                                (abs)        000003
__end_of_ADC_ISR                              text29       002342
__end_of_CCP1_ISR                             text28       00233E
__end_of_CCP2_ISR                             text27       00233A
__end_of_ESUART_RX_ISR                        text26       002344
__end_of_ESUART_TX_ISR                        text25       002336
__end_of_I2C_BC_ISR                           text24       002332
__end_of_I2C_DefaultInterruptHandler          text23       00232E
__end_of_I2C_ISR                              text22       002276
__end_of_I2C_Init                             text1        001F88
__end_of_I2C_Interrupt_Configurations         text8        0021D4
__end_of_I2C_Master_Mode_Clock_Configurations text3        002128
__end_of_INT0_ISR                             text21       00232A
__end_of_INT1_ISR                             text20       002326
__end_of_INT2_ISR                             text19       002322
__end_of_InterruptManager                     intcode_body 0018EE
__end_of_MSSP_I2C_MODE_GPIO_CFG               text2        00231A
__end_of_RB4_ISR                              text18       0022DE
__end_of_RB5_ISR                              text17       0022C4
__end_of_RB6_ISR                              text16       0022AA
__end_of_RB7_ISR                              text15       002290
__end_of_SPI_ISR                              text14       00231E
__end_of_TMR0_ISR                             text13       002302
__end_of_TMR1_ISR                             text12       0022F6
__end_of_TMR2_ISR                             text11       002314
__end_of_TMR3_ISR                             text10       0022EA
__end_of___fladd                              text7        0014D8
__end_of___fldiv                              text6        001C88
__end_of___fltol                              text5        00208E
__end_of___xxtofl                             text4        001E3C
__end_of__initialization                      cinit        002180
__end_of_btn_values                           smallconst   001011
__end_of_main                                 text0        002212
__initialization                              cinit        002128
__mediumconst                                 mediumconst  000000
__pbssBANK0                                   bssBANK0     0000B6
__pbssCOMRAM                                  bssCOMRAM    000049
__pcinit                                      cinit        002128
__pcstackBANK0                                cstackBANK0  0000E7
__pcstackCOMRAM                               cstackCOMRAM 000001
__pdataBANK0                                  dataBANK0    000080
__pdataCOMRAM                                 dataCOMRAM   000073
__pidataBANK0                                 idataBANK0   002212
__pidataCOMRAM                                idataCOMRAM  002302
__pintcode                                    intcode      000008
__pintcode_body                               intcode_body 0014D8
__psmallconst                                 smallconst   001000
__ptext0                                      text0        0021D4
__ptext1                                      text1        001E3C
__ptext10                                     text10       0022DE
__ptext11                                     text11       00230C
__ptext12                                     text12       0022EA
__ptext13                                     text13       0022F6
__ptext14                                     text14       00231A
__ptext15                                     text15       002276
__ptext16                                     text16       002290
__ptext17                                     text17       0022AA
__ptext18                                     text18       0022C4
__ptext19                                     text19       00231E
__ptext2                                      text2        002314
__ptext20                                     text20       002322
__ptext21                                     text21       002326
__ptext22                                     text22       002248
__ptext23                                     text23       00232A
__ptext24                                     text24       00232E
__ptext25                                     text25       002332
__ptext26                                     text26       002342
__ptext27                                     text27       002336
__ptext28                                     text28       00233A
__ptext29                                     text29       00233E
__ptext3                                      text3        00208E
__ptext30                                     text30       000000
__ptext4                                      text4        001C88
__ptext5                                      text5        001F88
__ptext6                                      text6        0018EE
__ptext7                                      text7        001018
__ptext8                                      text8        00218A
__ramtop                                      ramtop       001000
__smallconst                                  smallconst   001000
_btn_values                                   smallconst   001001
_i2c_obj                                      bssBANK0     0000D8
_i2c_slave2_rec_counter                       bssCOMRAM    00006B
_keypad1                                      dataBANK0    00009E
_lat_registers                                dataBANK0    00008A
_lcd_1                                        dataBANK0    0000B0
_lcd_2                                        dataBANK0    0000A6
_main                                         text0        0021D4
_port_registers                               dataBANK0    000080
_timer0_preload                               bssCOMRAM    00004F
_timer1_preload                               bssCOMRAM    00004D
_timer2_preload                               bssCOMRAM    00004B
_timer3_preload                               bssCOMRAM    000049
_tris_registers                               dataBANK0    000094
btemp                                         temp         00007C
end_of_initialization                         cinit        002180
int$flags                                     temp         00007C
int_func                                      intcode_body 0014D8
intlevel0                                     text         000000
intlevel1                                     text         000000
intlevel2                                     text         000000
intlevel3                                     text         000000
isa$std                                       (abs)        000001
isa$xinst                                     (abs)        000000
led_initialize@F3048                          bssCOMRAM    000072
led_toggle@F3063                              bssCOMRAM    00006F
led_turn_off@F3058                            bssCOMRAM    000070
led_turn_on@F3053                             bssCOMRAM    000071
relay_initialize@F3042                        bssCOMRAM    00006E
relay_turn_off@F3052                          bssCOMRAM    00006C
relay_turn_on@F3047                           bssCOMRAM    00006D
stackhi                                       (abs)        000000
stacklo                                       (abs)        000000
start                                         init         00000E
start_initialization                          cinit        002128
ttemp5                                        temp         00007D
ttemp6                                        temp         000080
ttemp7                                        temp         000084
wtemp8                                        temp         00007D


MODULE INFORMATION

Module		Function		Class		Link	Load	Size
MCAL_Layer/Timer1/hal_tiemr1.c
		_TMR1_ISR      		CODE           	22EA	0000	12

MCAL_Layer/Timer1/hal_tiemr1.c estimated size: 12

C:\Program Files\Microchip\xc8\v2.41\pic\sources\c99\common\fltol.c
		___fltol       		CODE           	1F88	0000	262

C:\Program Files\Microchip\xc8\v2.41\pic\sources\c99\common\fltol.c estimated size: 262

C:\Program Files\Microchip\xc8\v2.41\pic\sources\c99\common\xxtofl.c
		___xxtofl      		CODE           	1C88	0000	436

C:\Program Files\Microchip\xc8\v2.41\pic\sources\c99\common\xxtofl.c estimated size: 436

C:\Program Files\Microchip\xc8\v2.41\pic\sources\c99\common\sprcadd.c
		___fladd       		CODE           	1018	0000	1216

C:\Program Files\Microchip\xc8\v2.41\pic\sources\c99\common\sprcadd.c estimated size: 1216

MCAL_Layer/SPI/hal_spi.c
		_SPI_ISR       		CODE           	231A	0000	4

MCAL_Layer/SPI/hal_spi.c estimated size: 4

MCAL_Layer/I2C/hal_i2c.c
		_I2C_Interrupt_Configurations		CODE           	218A	0000	74
		_I2C_ISR       		CODE           	2248	0000	46
		_I2C_Master_Mode_Clock_Configurations		CODE           	208E	0000	154
		_I2C_Init      		CODE           	1E3C	0000	332
		_MSSP_I2C_MODE_GPIO_CFG		CODE           	2314	0000	6
		_I2C_BC_ISR    		CODE           	232E	0000	4

MCAL_Layer/I2C/hal_i2c.c estimated size: 616

MCAL_Layer/TImer3/hal_tiemr3.c
		_TMR3_ISR      		CODE           	22DE	0000	12

MCAL_Layer/TImer3/hal_tiemr3.c estimated size: 12

MCAL_Layer/CCP/hal_cpp.c
		_CCP1_ISR      		CODE           	233A	0000	4
		_CCP2_ISR      		CODE           	2336	0000	4

MCAL_Layer/CCP/hal_cpp.c estimated size: 8

shared
		_btn_values    		SMALLCONST     	1001	0000	16
		__initialization		CODE           	2128	0000	88

shared estimated size: 104

MCAL_Layer/Interrupt/mcal_external_interrupt.c
		_RB4_ISR       		CODE           	22C4	0000	26
		_RB5_ISR       		CODE           	22AA	0000	26
		_RB6_ISR       		CODE           	2290	0000	26
		_RB7_ISR       		CODE           	2276	0000	26
		_INT0_ISR      		CODE           	2326	0000	4
		_INT1_ISR      		CODE           	2322	0000	4
		_INT2_ISR      		CODE           	231E	0000	4

MCAL_Layer/Interrupt/mcal_external_interrupt.c estimated size: 116

MCAL_Layer/ADC/hal_adc.c
		_ADC_ISR       		CODE           	233E	0000	4

MCAL_Layer/ADC/hal_adc.c estimated size: 4

MCAL_Layer/Interrupt/mcal_interrupt_manager.c
		_InterruptManager		CODE           	0008	0000	1052

MCAL_Layer/Interrupt/mcal_interrupt_manager.c estimated size: 1052

MCAL_Layer/USART/hal_usart.c
		_ESUART_RX_ISR 		CODE           	2342	0000	2
		_ESUART_TX_ISR 		CODE           	2332	0000	4

MCAL_Layer/USART/hal_usart.c estimated size: 6

application.c
		_main          		CODE           	21D4	0000	62
		_I2C_DefaultInterruptHandler		CODE           	232A	0000	4

application.c estimated size: 66

MCAL_Layer/Timer2/hal_timer2.c
		_TMR2_ISR      		CODE           	230C	0000	8

MCAL_Layer/Timer2/hal_timer2.c estimated size: 8

MCAL_Layer/Timer0/hal_timer0.c
		_TMR0_ISR      		CODE           	22F6	0000	12

MCAL_Layer/Timer0/hal_timer0.c estimated size: 12

C:\Program Files\Microchip\xc8\v2.41\pic\sources\c99\common\sprcdiv.c
		___fldiv       		CODE           	18EE	0000	922

C:\Program Files\Microchip\xc8\v2.41\pic\sources\c99\common\sprcdiv.c estimated size: 922

